// 同步 ID: a9459c5b @ Tue Jul 28 17:47:32 UTC 2026
// 同步 ID: cb01d67d @ Tue Jul 28 19:43:24 UTC 2026
// 同步 ID: d2979b8c @ Wed Jul 29 00:55:58 UTC 2026
// 同步 ID: 1107ae3c @ Thu Jul 30 06:53:20 UTC 2026
// 同步 ID: 3f7bc748 @ Thu Jul 30 12:52:44 UTC 2026
// 重构日志: d9ad6a8b
// 重构日志: 34d9a4b6
// 重构日志: dae926ed
// 重构日志: ca32d14f
// 重构日志: d3c3e138
// 重构日志: abc13b5a
// 重构日志: fac789f5
// 重构日志: 0ed723d1
// 同步 ID: 5e416327 @ Sun Aug  2 07:06:17 UTC 2026
// 重构日志: ae689a7c
// 重构日志: bd15ecb9
// 重构日志: b9722259
// 同步 ID: aa5f1ca0 @ Mon Aug  3 00:37:08 UTC 2026
// 同步 ID: a327620f @ Mon Aug  3 17:43:30 UTC 2026
// 同步 ID: 7067c686 @ Tue Aug  4 12:29:36 UTC 2026
// 重构日志: bb118295
// 重构日志: f4fa4821
// 重构日志: fd1fbce2
// 重构日志: 1efbda8a
// 重构日志: 37b7cf61
// 重构日志: f7b59205
// 重构日志: b5049e91
// 重构日志: e9a4284e
// 重构日志: e29efbde
// 同步 ID: 2b0bd863 @ Sat Aug  8 14:53:21 UTC 2026
